RAM Summary report for DE1_DNN
Fri Feb 27 20:02:55 2026
Quartus Prime Version 18.1.0 Build 625 09/12/2018 SJ Standard Edition


---------------------
; Table of Contents ;
---------------------
  1. Legal Notice
  2. Fitter RAM Summary



----------------
; Legal Notice ;
----------------
Copyright (C) 2018  Intel Corporation. All rights reserved.
Your use of Intel Corporation's design tools, logic functions 
and other software and tools, and its AMPP partner logic 
functions, and any output files from any of the foregoing 
(including device programming or simulation files), and any 
associated documentation or information are expressly subject 
to the terms and conditions of the Intel Program License 
Subscription Agreement, the Intel Quartus Prime License Agreement,
the Intel FPGA IP License Agreement, or other applicable license
agreement, including, without limitation, that your use is for
the sole purpose of programming logic devices manufactured by
Intel and sold by Intel or its authorized distributors.  Please
refer to the applicable agreement for further details.



+-----------------------------------------------------------------------------------------------------------------------------------------------------------------------------------------------------------------------------------------------------------------------------------------------------------------------------------------------------------------------------------------------------------------------------------------------------------------------------------------------------------------------------------------------------------------------------------------------------------------------------------------------------------------------------+
; Fitter RAM Summary                                                                                                                                                                                                                                                                                                                                                                                                                                                                                                                                                                                                                                                          ;
+---------------------------------------------------------------------------------------------------+------------+------+--------------+--------------+--------------+--------------+--------------+------------------------+-------------------------+------------------------+-------------------------+------+-----------------------------+-----------------------------+-----------------------------+-----------------------------+---------------------+-------------+-------+--------------------------------------+----------------+----------------------+-----------------+-----------------+----------+------------------------+----------------------------------+
; Name                                                                                              ; Type       ; Mode ; Clock Mode   ; Port A Depth ; Port A Width ; Port B Depth ; Port B Width ; Port A Input Registers ; Port A Output Registers ; Port B Input Registers ; Port B Output Registers ; Size ; Implementation Port A Depth ; Implementation Port A Width ; Implementation Port B Depth ; Implementation Port B Width ; Implementation Bits ; M10K blocks ; MLABs ; MIF                                  ; Location       ; Mixed Width RDW Mode ; Port A RDW Mode ; Port B RDW Mode ; ECC Mode ; ECC Pipeline Registers ; Fits in MLABs                    ;
+---------------------------------------------------------------------------------------------------+------------+------+--------------+--------------+--------------+--------------+--------------+------------------------+-------------------------+------------------------+-------------------------+------+-----------------------------+-----------------------------+-----------------------------+-----------------------------+---------------------+-------------+-------+--------------------------------------+----------------+----------------------+-----------------+-----------------+----------+------------------------+----------------------------------+
; DNN:u_DNN|ROM:u_DNN_Bias_ROM|altsyncram:rom_mem_rtl_0|altsyncram_hge1:auto_generated|ALTSYNCRAM   ; M10K block ; ROM  ; Single Clock ; 10           ; 8            ; --           ; --           ; yes                    ; no                      ; --                     ; --                      ; 80   ; 10                          ; 8                           ; --                          ; --                          ; 80                  ; 1           ; 0     ; db/DE1_DNN.ram0_ROM_b74e1f06.hdl.mif ; M10K_X76_Y6_N0 ; Don't care           ; New data        ; New data        ; Off      ; No                     ; No - Block Type Set to Block RAM ;
; DNN:u_DNN|ROM:u_DNN_Weight_ROM|altsyncram:rom_mem_rtl_0|altsyncram_rje1:auto_generated|ALTSYNCRAM ; M10K block ; ROM  ; Single Clock ; 840          ; 8            ; --           ; --           ; yes                    ; yes                     ; --                     ; --                      ; 6720 ; 840                         ; 8                           ; --                          ; --                          ; 6720                ; 1           ; 0     ; db/DE1_DNN.ram0_ROM_fd28630d.hdl.mif ; M10K_X76_Y8_N0 ; Don't care           ; New data        ; New data        ; Off      ; No                     ; No - Address Too Wide            ;
+---------------------------------------------------------------------------------------------------+------------+------+--------------+--------------+--------------+--------------+--------------+------------------------+-------------------------+------------------------+-------------------------+------+-----------------------------+-----------------------------+-----------------------------+-----------------------------+---------------------+-------------+-------+--------------------------------------+----------------+----------------------+-----------------+-----------------+----------+------------------------+----------------------------------+
Note: Fitter may spread logical memories into multiple blocks to improve timing. The actual required RAM blocks can be found in the Fitter Resource Usage section.


